[
  {
    "id": "1",
    "isbn10": "4167110121",
    "imageURL": "http://books.google.com/books/content?id=TL3APAAACAAJ\u0026printsec=frontcover\u0026img=1\u0026zoom=1\u0026source=gbs_api",
    "title": "容疑者Xの献身",
    "author": "東野圭吾",
    "page": "247",
    "price": "980",
    "bookStatus": "read",
    "authUserId": "c0cc3f0c-9a02-45ba-9de7-7d7276bb6058",
    "createdAt": "2024-02-05T14:43:00+09:00",
    "updatedAt": "2024-02-05T14:43:00+09:00"
  }
]
